// Jest Snapshot v1, https://goo.gl/fbAQLP

exports[`AmplifyGraphqlDefinition combine returns the correct definition after the combination, preserving relationship and auth directives 1`] = `
"type Todo @model {
  id: ID!
  content: String!
}

type Blog @model @auth(rules: [{allow: owner}]) {
  id: ID!
  posts: [Post] @hasMany
}

type Post @model @auth(rules: [{allow: owner}, {allow: public, operations: [read]}]) {
  id: ID!
  blog: Blog @belongsTo
}

type Mutation {
  updateOnlyOwner: [Int] @sql(statement: \\"UPDATE foo SET id = 1; SELECT 1\\") @auth(rules: [{allow: owner}])
  updateAllowPublic: [Int] @sql(statement: \\"UPDATE foo SET id = 1; SELECT 1\\") @auth(rules: [{allow: public}])
}

type Query {
  getOnlyOwner: [Int] @sql(statement: \\"SELECT 1\\") @auth(rules: [{allow: owner}])
  getAllowPublic: [Int] @sql(statement: \\"SELECT 1\\") @auth(rules: [{allow: public}])
}
"
`;
