// Jest Snapshot v1, https://goo.gl/fbAQLP

exports[`AmplifyGraphQlApi transforms a simple schema 1`] = `
Object {
  "Outputs": Object {
    "GraphQLAPIEndpointOutput": Object {
      "Description": "Your GraphQL API endpoint.",
      "Export": Object {
        "Name": Object {
          "Fn::Join": Array [
            ":",
            Array [
              Object {
                "Ref": "AWS::StackName",
              },
              "GraphQLApiEndpoint",
            ],
          ],
        },
      },
      "Value": Object {
        "Fn::GetAtt": Array [
          "GraphQLAPI",
          "GraphQLUrl",
        ],
      },
    },
    "GraphQLAPIIdOutput": Object {
      "Description": "Your GraphQL API ID.",
      "Export": Object {
        "Name": Object {
          "Fn::Join": Array [
            ":",
            Array [
              Object {
                "Ref": "AWS::StackName",
              },
              "GraphQLApiId",
            ],
          ],
        },
      },
      "Value": Object {
        "Fn::GetAtt": Array [
          "GraphQLAPI",
          "ApiId",
        ],
      },
    },
  },
  "Parameters": Object {
    "BootstrapVersion": Object {
      "Default": "/cdk-bootstrap/hnb659fds/version",
      "Description": "Version of the CDK Bootstrap resources in this environment, automatically retrieved from SSM Parameter Store. [cdk:skip]",
      "Type": "AWS::SSM::Parameter::Value<String>",
    },
    "DynamoDBBillingMode": Object {
      "AllowedValues": Array [
        "PAY_PER_REQUEST",
        "PROVISIONED",
      ],
      "Default": "PAY_PER_REQUEST",
      "Description": "Configure @model types to create DynamoDB tables with PAY_PER_REQUEST or PROVISIONED billing modes.",
      "Type": "String",
    },
    "DynamoDBEnablePointInTimeRecovery": Object {
      "AllowedValues": Array [
        "true",
        "false",
      ],
      "Default": "false",
      "Description": "Whether to enable Point in Time Recovery on the table.",
      "Type": "String",
    },
    "DynamoDBEnableServerSideEncryption": Object {
      "AllowedValues": Array [
        "true",
        "false",
      ],
      "Default": "true",
      "Description": "Enable server side encryption powered by KMS.",
      "Type": "String",
    },
    "DynamoDBModelTableReadIOPS": Object {
      "Default": 5,
      "Description": "The number of read IOPS the table should support.",
      "Type": "Number",
    },
    "DynamoDBModelTableWriteIOPS": Object {
      "Default": 5,
      "Description": "The number of write IOPS the table should support.",
      "Type": "Number",
    },
  },
  "Resources": Object {
    "GraphQLAPI": Object {
      "Properties": Object {
        "AuthenticationType": "AMAZON_COGNITO_USER_POOLS",
        "Name": Object {
          "Fn::Join": Array [
            "",
            Array [
              "TestApi",
              "-",
              "NONE",
            ],
          ],
        },
        "UserPoolConfig": Object {
          "AwsRegion": Object {
            "Ref": "AWS::Region",
          },
          "DefaultAction": "ALLOW",
          "UserPoolId": "ImportedUserPoolId",
        },
      },
      "Type": "AWS::AppSync::GraphQLApi",
    },
    "GraphQLAPINONEDS95A13CF0": Object {
      "Properties": Object {
        "ApiId": Object {
          "Fn::GetAtt": Array [
            "GraphQLAPI",
            "ApiId",
          ],
        },
        "Description": "None Data Source for Pipeline functions",
        "Name": "NONE_DS",
        "Type": "NONE",
      },
      "Type": "AWS::AppSync::DataSource",
    },
    "GraphQLAPITransformerSchema3CB2AE18": Object {
      "Properties": Object {
        "ApiId": Object {
          "Fn::GetAtt": Array [
            "GraphQLAPI",
            "ApiId",
          ],
        },
        "DefinitionS3Location": Object {
          "Fn::Join": Array [
            "",
            Array [
              "s3://",
              Object {
                "Fn::Sub": "cdk-hnb659fds-assets-\${AWS::AccountId}-\${AWS::Region}",
              },
              "/313bcae943a4b6c0cb79448b365008a0474eef65eca6898ee07874e5de502790.graphql",
            ],
          ],
        },
      },
      "Type": "AWS::AppSync::GraphQLSchema",
    },
    "Todo": Object {
      "DependsOn": Array [
        "GraphQLAPITransformerSchema3CB2AE18",
      ],
      "Properties": Object {
        "Parameters": Object {
          "DynamoDBBillingMode": Object {
            "Ref": "DynamoDBBillingMode",
          },
          "DynamoDBEnablePointInTimeRecovery": Object {
            "Ref": "DynamoDBEnablePointInTimeRecovery",
          },
          "DynamoDBEnableServerSideEncryption": Object {
            "Ref": "DynamoDBEnableServerSideEncryption",
          },
          "DynamoDBModelTableReadIOPS": Object {
            "Ref": "DynamoDBModelTableReadIOPS",
          },
          "DynamoDBModelTableWriteIOPS": Object {
            "Ref": "DynamoDBModelTableWriteIOPS",
          },
          "referencetotransformerrootstackGraphQLAPI20497F53ApiId": Object {
            "Fn::GetAtt": Array [
              "GraphQLAPI",
              "ApiId",
            ],
          },
          "referencetotransformerrootstackGraphQLAPINONEDS2BA9D1C8Name": Object {
            "Fn::GetAtt": Array [
              "GraphQLAPINONEDS95A13CF0",
              "Name",
            ],
          },
          "referencetotransformerrootstackS3DeploymentBucket7592718ARef": "cdk-\${Qualifier}-assets-\${AWS::AccountId}-\${AWS::Region}",
          "referencetotransformerrootstackS3DeploymentRootKeyA71EA735Ref": "CdkBootstrap-\${Qualifier}-FileAssetKeyArn",
          "referencetotransformerrootstackenv10C5A902Ref": "NONE",
        },
        "TemplateURL": Object {
          "Fn::Join": Array [
            "",
            Array [
              "https://s3.",
              Object {
                "Ref": "AWS::Region",
              },
              ".",
              Object {
                "Ref": "AWS::URLSuffix",
              },
              "/",
              Object {
                "Fn::Sub": "cdk-hnb659fds-assets-\${AWS::AccountId}-\${AWS::Region}",
              },
              "/53d71e369f35572a33003a46a7dfb3e4a13cef81936b129fef00c0a7f03ccc02.json",
            ],
          ],
        },
      },
      "Type": "AWS::CloudFormation::Stack",
    },
  },
  "Rules": Object {
    "CheckBootstrapVersion": Object {
      "Assertions": Array [
        Object {
          "Assert": Object {
            "Fn::Not": Array [
              Object {
                "Fn::Contains": Array [
                  Array [
                    "1",
                    "2",
                    "3",
                    "4",
                    "5",
                  ],
                  Object {
                    "Ref": "BootstrapVersion",
                  },
                ],
              },
            ],
          },
          "AssertDescription": "CDK bootstrap stack version 6 required. Please run 'cdk bootstrap' with a recent version of the CDK CLI.",
        },
      ],
    },
  },
}
`;
