// Jest Snapshot v1, https://goo.gl/fbAQLP

exports[`can update on model without delete 1`] = `
"## [Start] Authorization Steps. **
$util.qr($ctx.stash.put(\\"hasAuth\\", true))
#if( $ctx.error )
  $util.error($ctx.error.message, $ctx.error.type)
#end
#set( $inputFields = $util.parseJson($util.toJson($ctx.args.input.keySet())) )
#set( $isAuthorized = false )
#set( $allowedFields = [] )
#set( $nullAllowedFields = [] )
#set( $deniedFields = {} )
#if( $util.authType() == \\"API Key Authorization\\" )
$util.unauthorized()
#end
#if( $util.authType() == \\"User Pool Authorization\\" )
  #if( !$isAuthorized )
    #set( $ownerEntity0 = $util.defaultIfNull($ctx.result.owner, null) )
    #set( $ownerClaim0 = $util.defaultIfNull($ctx.identity.claims.get(\\"sub\\"), null) )
    #set( $currentClaim1 = $util.defaultIfNull($ctx.identity.claims.get(\\"username\\"), $util.defaultIfNull($ctx.identity.claims.get(\\"cognito:username\\"), null)) )
    #if( !$util.isNull($ownerClaim0) && !$util.isNull($currentClaim1) )
      #set( $ownerClaim0 = \\"$ownerClaim0::$currentClaim1\\" )
      #set( $ownerClaimsList0 = [] )
      $util.qr($ownerClaimsList0.add($util.defaultIfNull($ctx.identity.claims.get(\\"sub\\"), null)))
      $util.qr($ownerClaimsList0.add($util.defaultIfNull($ctx.identity.claims.get(\\"username\\"), $util.defaultIfNull($ctx.identity.claims.get(\\"cognito:username\\"), null))))
      #set( $ownerAllowedFields0 = [\\"email\\",\\"nick\\",\\"id\\",\\"_version\\",\\"_deleted\\",\\"_lastChangedAt\\"] )
      #set( $ownerNullAllowedFields0 = [] )
      #set( $isAuthorizedOnAllFields0 = false )
      #if( $ownerEntity0 == $ownerClaim0 || $ownerClaimsList0.contains($ownerEntity0) )
        #if( $isAuthorizedOnAllFields0 )
          #set( $isAuthorized = true )
        #else
          $util.qr($allowedFields.addAll($ownerAllowedFields0))
          $util.qr($nullAllowedFields.addAll($ownerNullAllowedFields0))
        #end
      #end
    #end
  #end
#end
#if( !$isAuthorized && $allowedFields.isEmpty() && $nullAllowedFields.isEmpty() )
$util.unauthorized()
#end
#if( !$isAuthorized )
  #foreach( $entry in $util.map.copyAndRetainAllKeys($ctx.args.input, $inputFields).entrySet() )
    #if( $util.isNull($entry.value) && !$nullAllowedFields.contains($entry.key) )
      $util.qr($deniedFields.put($entry.key, \\"\\"))
    #end
  #end
  #foreach( $deniedField in $util.list.copyAndRemoveAll($inputFields, $allowedFields) )
    $util.qr($deniedFields.put($deniedField, \\"\\"))
  #end
#end
#if( $deniedFields.keySet().size() > 0 )
  $util.error(\\"Unauthorized on \${deniedFields.keySet()}\\", \\"Unauthorized\\")
#end
$util.toJson({})
## [End] Authorization Steps. **"
`;

exports[`can update on model without delete 2`] = `
"## [Start] Authorization Steps. **
$util.qr($ctx.stash.put(\\"hasAuth\\", true))
#set( $isAuthorized = false )
#if( $util.authType() == \\"API Key Authorization\\" )
$util.unauthorized()
#end
#if( $util.authType() == \\"User Pool Authorization\\" )

#end
#if( !$isAuthorized )
$util.unauthorized()
#end
$util.toJson({\\"version\\":\\"2018-05-29\\",\\"payload\\":{}})
## [End] Authorization Steps. **"
`;

exports[`read get list auth operations 1`] = `
"## [Start] Authorization Steps. **
$util.qr($ctx.stash.put(\\"hasAuth\\", true))
#set( $isAuthorized = false )
#set( $primaryFieldMap = {} )
#if( $util.authType() == \\"API Key Authorization\\" )

#end
#if( !$isAuthorized && $util.isNull($ctx.stash.authFilter) )
$util.unauthorized()
#end
$util.toJson({\\"version\\":\\"2018-05-29\\",\\"payload\\":{}})
## [End] Authorization Steps. **"
`;

exports[`read get list auth operations 2`] = `
"## [Start] Authorization Steps. **
$util.qr($ctx.stash.put(\\"hasAuth\\", true))
#set( $isAuthorized = false )
#set( $primaryFieldMap = {} )
#if( $util.authType() == \\"API Key Authorization\\" )
  #set( $isAuthorized = true )
#end
#if( !$isAuthorized && $util.isNull($ctx.stash.authFilter) )
$util.unauthorized()
#end
$util.toJson({\\"version\\":\\"2018-05-29\\",\\"payload\\":{}})
## [End] Authorization Steps. **"
`;

exports[`read get list auth operations 3`] = `
"## [Start] Authorization Steps. **
$util.qr($ctx.stash.put(\\"hasAuth\\", true))
#set( $isAuthorized = false )
#if( $util.authType() == \\"API Key Authorization\\" )

#end
#if( !$isAuthorized )
$util.unauthorized()
#end
$util.toJson({\\"version\\":\\"2018-05-29\\",\\"payload\\":{}})
## [End] Authorization Steps. **"
`;

exports[`read get list auth operations 4`] = `
"## [Start] Authorization Steps. **
$util.qr($ctx.stash.put(\\"hasAuth\\", true))
#set( $isAuthorized = false )
#if( $util.authType() == \\"API Key Authorization\\" )

#end
#if( !$isAuthorized )
$util.unauthorized()
#end
$util.toJson({\\"version\\":\\"2018-05-29\\",\\"payload\\":{}})
## [End] Authorization Steps. **"
`;

exports[`read get list auth operations 5`] = `
"## [Start] Authorization Steps. **
$util.qr($ctx.stash.put(\\"hasAuth\\", true))
#set( $isAuthorized = false )
#if( $util.authType() == \\"API Key Authorization\\" )

#end
#if( !$isAuthorized )
$util.unauthorized()
#end
$util.toJson({\\"version\\":\\"2018-05-29\\",\\"payload\\":{}})
## [End] Authorization Steps. **"
`;

exports[`read get list auth operations 6`] = `
"## [Start] Authorization Steps. **
$util.qr($ctx.stash.put(\\"hasAuth\\", true))
#set( $isAuthorized = false )
#set( $primaryFieldMap = {} )
#if( $util.authType() == \\"API Key Authorization\\" )
  #set( $isAuthorized = true )
#end
#if( !$isAuthorized && $util.isNull($ctx.stash.authFilter) )
$util.unauthorized()
#end
$util.toJson({\\"version\\":\\"2018-05-29\\",\\"payload\\":{}})
## [End] Authorization Steps. **"
`;

exports[`read get list auth operations 7`] = `
"## [Start] Authorization Steps. **
$util.qr($ctx.stash.put(\\"hasAuth\\", true))
#set( $isAuthorized = false )
#set( $primaryFieldMap = {} )
#if( $util.authType() == \\"API Key Authorization\\" )

#end
#if( !$isAuthorized && $util.isNull($ctx.stash.authFilter) )
$util.unauthorized()
#end
$util.toJson({\\"version\\":\\"2018-05-29\\",\\"payload\\":{}})
## [End] Authorization Steps. **"
`;

exports[`read get list auth operations 8`] = `
"## [Start] Authorization Steps. **
$util.qr($ctx.stash.put(\\"hasAuth\\", true))
#set( $isAuthorized = false )
#if( $util.authType() == \\"API Key Authorization\\" )

#end
#if( !$isAuthorized )
$util.unauthorized()
#end
$util.toJson({\\"version\\":\\"2018-05-29\\",\\"payload\\":{}})
## [End] Authorization Steps. **"
`;

exports[`read get list auth operations 9`] = `
"## [Start] Authorization Steps. **
$util.qr($ctx.stash.put(\\"hasAuth\\", true))
#set( $isAuthorized = false )
#if( $util.authType() == \\"API Key Authorization\\" )

#end
#if( !$isAuthorized )
$util.unauthorized()
#end
$util.toJson({\\"version\\":\\"2018-05-29\\",\\"payload\\":{}})
## [End] Authorization Steps. **"
`;

exports[`read get list auth operations 10`] = `
"## [Start] Authorization Steps. **
$util.qr($ctx.stash.put(\\"hasAuth\\", true))
#set( $isAuthorized = false )
#if( $util.authType() == \\"API Key Authorization\\" )

#end
#if( !$isAuthorized )
$util.unauthorized()
#end
$util.toJson({\\"version\\":\\"2018-05-29\\",\\"payload\\":{}})
## [End] Authorization Steps. **"
`;

exports[`read get list auth operations 11`] = `
"## [Start] Authorization Steps. **
$util.qr($ctx.stash.put(\\"hasAuth\\", true))
#set( $isAuthorized = false )
#set( $primaryFieldMap = {} )
#if( $util.authType() == \\"API Key Authorization\\" )
  #set( $isAuthorized = true )
#end
#if( !$isAuthorized && $util.isNull($ctx.stash.authFilter) )
$util.unauthorized()
#end
$util.toJson({\\"version\\":\\"2018-05-29\\",\\"payload\\":{}})
## [End] Authorization Steps. **"
`;

exports[`read get list auth operations 12`] = `
"## [Start] Authorization Steps. **
$util.qr($ctx.stash.put(\\"hasAuth\\", true))
#set( $isAuthorized = false )
#set( $primaryFieldMap = {} )
#if( $util.authType() == \\"API Key Authorization\\" )
  #set( $isAuthorized = true )
#end
#if( !$isAuthorized && $util.isNull($ctx.stash.authFilter) )
$util.unauthorized()
#end
$util.toJson({\\"version\\":\\"2018-05-29\\",\\"payload\\":{}})
## [End] Authorization Steps. **"
`;

exports[`read get list auth operations 13`] = `
"## [Start] Authorization Steps. **
$util.qr($ctx.stash.put(\\"hasAuth\\", true))
#set( $isAuthorized = false )
#if( $util.authType() == \\"API Key Authorization\\" )
  #set( $isAuthorized = true )
#end
#if( !$isAuthorized )
$util.unauthorized()
#end
$util.toJson({\\"version\\":\\"2018-05-29\\",\\"payload\\":{}})
## [End] Authorization Steps. **"
`;

exports[`read get list auth operations 14`] = `
"## [Start] Authorization Steps. **
$util.qr($ctx.stash.put(\\"hasAuth\\", true))
#set( $isAuthorized = false )
#if( $util.authType() == \\"API Key Authorization\\" )
  #set( $isAuthorized = true )
#end
#if( !$isAuthorized )
$util.unauthorized()
#end
$util.toJson({\\"version\\":\\"2018-05-29\\",\\"payload\\":{}})
## [End] Authorization Steps. **"
`;

exports[`read get list auth operations 15`] = `
"## [Start] Authorization Steps. **
$util.qr($ctx.stash.put(\\"hasAuth\\", true))
#set( $isAuthorized = false )
#if( $util.authType() == \\"API Key Authorization\\" )
  #set( $isAuthorized = true )
#end
#if( !$isAuthorized )
$util.unauthorized()
#end
$util.toJson({\\"version\\":\\"2018-05-29\\",\\"payload\\":{}})
## [End] Authorization Steps. **"
`;

exports[`renamed subscriptions should generate auth resolver 1`] = `
"## [Start] Authorization Steps. **
$util.qr($ctx.stash.put(\\"hasAuth\\", true))
#set( $isAuthorized = false )
#if( $util.authType() == \\"API Key Authorization\\" )

#end
#if( $util.authType() == \\"User Pool Authorization\\" )
  #set( $isAuthorized = true )
  #set( $hasValidOwnerArgument = false )
  #set( $authRuntimeFilter = [] )
  #set( $authOwnerRuntimeFilter = [] )
  #set( $authGroupRuntimeFilter = [] )
  ## Apply dynamic roles auth if not previously authorized by static groups and owner argument **
  #if( $authOwnerRuntimeFilter.size() > 0 )
    $util.qr($authRuntimeFilter.addAll($authOwnerRuntimeFilter))
  #end
  #if( $authGroupRuntimeFilter.size() > 0 )
    $util.qr($authRuntimeFilter.addAll($authGroupRuntimeFilter))
  #end
  #set( $filterArgsSize = 0 )
  #if( !$util.isNullOrEmpty($ctx.args.filter) )
    #set( $filterArgsSize = $ctx.args.filter.size() )
  #end
  #set( $isOwnerAuthAuthorizedAndNoOtherFilters = $hasValidOwnerArgument && $authRuntimeFilter.size() == 1 && $filterArgsSize == 0 )
  #set( $isOwnerOrDynamicAuthAuthorizedWithFilters = (!$isAuthorized || $hasValidOwnerArgument) && $authRuntimeFilter.size() > 0 )
  #if( !$isOwnerAuthAuthorizedAndNoOtherFilters && $isOwnerOrDynamicAuthAuthorizedWithFilters )
    #if( $util.isNullOrEmpty($ctx.args.filter) )
      #set( $ctx.args.filter = { \\"or\\": $authRuntimeFilter } )
    #else
      #set( $ctx.args.filter = { \\"and\\": [ { \\"or\\": $authRuntimeFilter }, $ctx.args.filter ]} )
    #end
    #set( $isAuthorized = true )
  #end
#end
#if( !$isAuthorized )
$util.unauthorized()
#end
$util.toJson({\\"version\\":\\"2018-05-29\\",\\"payload\\":{}})
## [End] Authorization Steps. **"
`;

exports[`renamed subscriptions should generate auth resolver 2`] = `
"## [Start] Sandbox Mode Disabled, IAM Access Disabled. **
#if( !$ctx.stash.get(\\"hasAuth\\") )
  $util.unauthorized()
#end
$util.toJson({})
## [End] Sandbox Mode Disabled, IAM Access Disabled. **"
`;
