// Jest Snapshot v1, https://goo.gl/fbAQLP

exports[`predictions category generates a resolver and iam policy without fn::sub when a real bucket is passed in 1`] = `
"{
  \\"Fn::Join\\": [
    \\"\\\\n\\",
    [
      {
        \\"Fn::Join\\": [
          \\"\\",
          [
            \\"$util.qr($ctx.stash.put(\\\\\\"s3Bucket\\\\\\", \\\\\\"\\",
            {
              \\"Ref\\": \\"referencetoPredictionsBucket6CDC1F68Ref\\"
            },
            \\"\\\\\\"))\\"
          ]
        ]
      },
      \\"$util.qr($ctx.stash.put(\\\\\\"isList\\\\\\", false))\\\\n{}\\"
    ]
  ]
}"
`;

exports[`predictions category generates a resolver and iam policy without fn::sub when a real bucket is passed in 2`] = `
"{
  \\"Type\\": \\"AWS::IAM::Policy\\",
  \\"Properties\\": {
    \\"PolicyDocument\\": {
      \\"Statement\\": [
        {
          \\"Action\\": \\"s3:GetObject\\",
          \\"Effect\\": \\"Allow\\",
          \\"Resource\\": {
            \\"Fn::Join\\": [
              \\"\\",
              [
                \\"arn:aws:s3:::\\",
                {
                  \\"Ref\\": \\"referencetoPredictionsBucket6CDC1F68Ref\\"
                },
                \\"/public/*\\"
              ]
            ]
          }
        }
      ],
      \\"Version\\": \\"2012-10-17\\"
    },
    \\"PolicyName\\": \\"PredictionsStorageAccess68CD5140\\",
    \\"Roles\\": [
      {
        \\"Ref\\": \\"predictionsIAMRole5BB74A99\\"
      }
    ]
  }
}"
`;
