// Jest Snapshot v1, https://goo.gl/fbAQLP

exports[`types types are exported 1`] = `Object {}`;
