// Jest Snapshot v1, https://goo.gl/fbAQLP

exports[`ModelTransformer: should successfully transform simple valid schema 1`] = `
Object {
  "PolicyDocument": Object {
    "Statement": Array [
      Object {
        "Action": Array [
          "dynamodb:CreateTable",
          "dynamodb:UpdateTable",
          "dynamodb:DeleteTable",
          "dynamodb:DescribeTable",
          "dynamodb:DescribeContinuousBackups",
          "dynamodb:DescribeTimeToLive",
          "dynamodb:UpdateContinuousBackups",
          "dynamodb:UpdateTimeToLive",
        ],
        "Effect": "Allow",
        "Resource": Object {
          "Fn::Sub": Array [
            "arn:aws:dynamodb:\${AWS::Region}:\${AWS::AccountId}:table/*-\${apiId}-\${envName}",
            Object {
              "apiId": Object {
                "Ref": "referencetotransformerrootstackGraphQLAPI20497F53ApiId",
              },
              "envName": Object {
                "Ref": "referencetotransformerrootstackenv10C5A902Ref",
              },
            },
          ],
        },
      },
    ],
    "Version": "2012-10-17",
  },
  "PolicyName": "CreateUpdateDeleteTablesPolicy",
}
`;
