// Jest Snapshot v1, https://goo.gl/fbAQLP

exports[`Amplify Input read/write from schema constructs the global Amplify input from given config 1`] = `
"input AMPLIFY {
  engine: String = \\"mysql\\"
  globalAuthRule: AuthRule = {allow: public}
}"
`;

exports[`Amplify Input read/write from schema reads global Amplify input type in the schema 1`] = `
Object {
  "description": undefined,
  "directives": Array [],
  "fields": Array [
    Object {
      "defaultValue": Object {
        "block": false,
        "kind": "StringValue",
        "loc": Object {
          "end": 46,
          "start": 39,
        },
        "value": "mysql",
      },
      "description": undefined,
      "directives": Array [],
      "kind": "InputValueDefinition",
      "loc": Object {
        "end": 46,
        "start": 22,
      },
      "name": Object {
        "kind": "Name",
        "loc": Object {
          "end": 28,
          "start": 22,
        },
        "value": "engine",
      },
      "type": Object {
        "kind": "NamedType",
        "loc": Object {
          "end": 36,
          "start": 30,
        },
        "name": Object {
          "kind": "Name",
          "loc": Object {
            "end": 36,
            "start": 30,
          },
          "value": "String",
        },
      },
    },
    Object {
      "defaultValue": Object {
        "fields": Array [
          Object {
            "kind": "ObjectField",
            "loc": Object {
              "end": 97,
              "start": 84,
            },
            "name": Object {
              "kind": "Name",
              "loc": Object {
                "end": 89,
                "start": 84,
              },
              "value": "allow",
            },
            "value": Object {
              "kind": "EnumValue",
              "loc": Object {
                "end": 97,
                "start": 91,
              },
              "value": "public",
            },
          },
        ],
        "kind": "ObjectValue",
        "loc": Object {
          "end": 99,
          "start": 82,
        },
      },
      "description": undefined,
      "directives": Array [],
      "kind": "InputValueDefinition",
      "loc": Object {
        "end": 99,
        "start": 55,
      },
      "name": Object {
        "kind": "Name",
        "loc": Object {
          "end": 69,
          "start": 55,
        },
        "value": "globalAuthRule",
      },
      "type": Object {
        "kind": "NamedType",
        "loc": Object {
          "end": 79,
          "start": 71,
        },
        "name": Object {
          "kind": "Name",
          "loc": Object {
            "end": 79,
            "start": 71,
          },
          "value": "AuthRule",
        },
      },
    },
  ],
  "kind": "InputObjectTypeDefinition",
  "loc": Object {
    "end": 313,
    "start": 0,
  },
  "name": Object {
    "kind": "Name",
    "loc": Object {
      "end": 13,
      "start": 6,
    },
    "value": "AMPLIFY",
  },
}
`;
