// Jest Snapshot v1, https://goo.gl/fbAQLP

exports[`Numeric Validation Types Valid usage accepts -Infinity value 1`] = `
"type Post {
  id: ID!
  rating: Float!
  score: Int!
  counts: [Float]!
  numbers: [Int]!
  createdAt: AWSDateTime!
  updatedAt: AWSDateTime!
}

input ModelStringInput {
  ne: String
  eq: String
  le: String
  lt: String
  ge: String
  gt: String
  contains: String
  notContains: String
  between: [String]
  beginsWith: String
  attributeExists: Boolean
  attributeType: ModelAttributeTypes
  size: ModelSizeInput
}

input ModelIntInput {
  ne: Int
  eq: Int
  le: Int
  lt: Int
  ge: Int
  gt: Int
  between: [Int]
  attributeExists: Boolean
  attributeType: ModelAttributeTypes
}

input ModelFloatInput {
  ne: Float
  eq: Float
  le: Float
  lt: Float
  ge: Float
  gt: Float
  between: [Float]
  attributeExists: Boolean
  attributeType: ModelAttributeTypes
}

input ModelBooleanInput {
  ne: Boolean
  eq: Boolean
  attributeExists: Boolean
  attributeType: ModelAttributeTypes
}

input ModelIDInput {
  ne: ID
  eq: ID
  le: ID
  lt: ID
  ge: ID
  gt: ID
  contains: ID
  notContains: ID
  between: [ID]
  beginsWith: ID
  attributeExists: Boolean
  attributeType: ModelAttributeTypes
  size: ModelSizeInput
}

input ModelSubscriptionStringInput {
  ne: String
  eq: String
  le: String
  lt: String
  ge: String
  gt: String
  contains: String
  notContains: String
  between: [String]
  beginsWith: String
  in: [String]
  notIn: [String]
}

input ModelSubscriptionIntInput {
  ne: Int
  eq: Int
  le: Int
  lt: Int
  ge: Int
  gt: Int
  between: [Int]
  in: [Int]
  notIn: [Int]
}

input ModelSubscriptionFloatInput {
  ne: Float
  eq: Float
  le: Float
  lt: Float
  ge: Float
  gt: Float
  between: [Float]
  in: [Float]
  notIn: [Float]
}

input ModelSubscriptionBooleanInput {
  ne: Boolean
  eq: Boolean
}

input ModelSubscriptionIDInput {
  ne: ID
  eq: ID
  le: ID
  lt: ID
  ge: ID
  gt: ID
  contains: ID
  notContains: ID
  between: [ID]
  beginsWith: ID
  in: [ID]
  notIn: [ID]
}

enum ModelAttributeTypes {
  binary
  binarySet
  bool
  list
  map
  number
  numberSet
  string
  stringSet
  _null
}

input ModelSizeInput {
  ne: Int
  eq: Int
  le: Int
  lt: Int
  ge: Int
  gt: Int
  between: [Int]
}

enum ModelSortDirection {
  ASC
  DESC
}

type ModelPostConnection {
  items: [Post]!
  nextToken: String
}

input ModelPostFilterInput {
  id: ModelIDInput
  rating: ModelFloatInput
  score: ModelIntInput
  counts: ModelFloatInput
  numbers: ModelIntInput
  createdAt: ModelStringInput
  updatedAt: ModelStringInput
  and: [ModelPostFilterInput]
  or: [ModelPostFilterInput]
  not: ModelPostFilterInput
}

type Query {
  getPost(id: ID!): Post
  listPosts(filter: ModelPostFilterInput, limit: Int, nextToken: String): ModelPostConnection
}

input ModelPostConditionInput {
  rating: ModelFloatInput
  score: ModelIntInput
  counts: ModelFloatInput
  numbers: ModelIntInput
  and: [ModelPostConditionInput]
  or: [ModelPostConditionInput]
  not: ModelPostConditionInput
  createdAt: ModelStringInput
  updatedAt: ModelStringInput
}

input CreatePostInput {
  id: ID
  rating: Float!
  score: Int!
  counts: [Float]!
  numbers: [Int]!
}

input UpdatePostInput {
  id: ID!
  rating: Float
  score: Int
  counts: [Float]
  numbers: [Int]
}

input DeletePostInput {
  id: ID!
}

type Mutation {
  createPost(input: CreatePostInput!, condition: ModelPostConditionInput): Post
  updatePost(input: UpdatePostInput!, condition: ModelPostConditionInput): Post
  deletePost(input: DeletePostInput!, condition: ModelPostConditionInput): Post
}

input ModelSubscriptionPostFilterInput {
  id: ModelSubscriptionIDInput
  rating: ModelSubscriptionFloatInput
  score: ModelSubscriptionIntInput
  counts: ModelSubscriptionFloatInput
  numbers: ModelSubscriptionIntInput
  createdAt: ModelSubscriptionStringInput
  updatedAt: ModelSubscriptionStringInput
  and: [ModelSubscriptionPostFilterInput]
  or: [ModelSubscriptionPostFilterInput]
}

type Subscription {
  onCreatePost(filter: ModelSubscriptionPostFilterInput): Post @aws_subscribe(mutations: [\\"createPost\\"])
  onUpdatePost(filter: ModelSubscriptionPostFilterInput): Post @aws_subscribe(mutations: [\\"updatePost\\"])
  onDeletePost(filter: ModelSubscriptionPostFilterInput): Post @aws_subscribe(mutations: [\\"deletePost\\"])
}
"
`;

exports[`Numeric Validation Types Valid usage accepts Infinity value 1`] = `
"type Post {
  id: ID!
  rating: Float!
  score: Int!
  counts: [Float]!
  numbers: [Int]!
  createdAt: AWSDateTime!
  updatedAt: AWSDateTime!
}

input ModelStringInput {
  ne: String
  eq: String
  le: String
  lt: String
  ge: String
  gt: String
  contains: String
  notContains: String
  between: [String]
  beginsWith: String
  attributeExists: Boolean
  attributeType: ModelAttributeTypes
  size: ModelSizeInput
}

input ModelIntInput {
  ne: Int
  eq: Int
  le: Int
  lt: Int
  ge: Int
  gt: Int
  between: [Int]
  attributeExists: Boolean
  attributeType: ModelAttributeTypes
}

input ModelFloatInput {
  ne: Float
  eq: Float
  le: Float
  lt: Float
  ge: Float
  gt: Float
  between: [Float]
  attributeExists: Boolean
  attributeType: ModelAttributeTypes
}

input ModelBooleanInput {
  ne: Boolean
  eq: Boolean
  attributeExists: Boolean
  attributeType: ModelAttributeTypes
}

input ModelIDInput {
  ne: ID
  eq: ID
  le: ID
  lt: ID
  ge: ID
  gt: ID
  contains: ID
  notContains: ID
  between: [ID]
  beginsWith: ID
  attributeExists: Boolean
  attributeType: ModelAttributeTypes
  size: ModelSizeInput
}

input ModelSubscriptionStringInput {
  ne: String
  eq: String
  le: String
  lt: String
  ge: String
  gt: String
  contains: String
  notContains: String
  between: [String]
  beginsWith: String
  in: [String]
  notIn: [String]
}

input ModelSubscriptionIntInput {
  ne: Int
  eq: Int
  le: Int
  lt: Int
  ge: Int
  gt: Int
  between: [Int]
  in: [Int]
  notIn: [Int]
}

input ModelSubscriptionFloatInput {
  ne: Float
  eq: Float
  le: Float
  lt: Float
  ge: Float
  gt: Float
  between: [Float]
  in: [Float]
  notIn: [Float]
}

input ModelSubscriptionBooleanInput {
  ne: Boolean
  eq: Boolean
}

input ModelSubscriptionIDInput {
  ne: ID
  eq: ID
  le: ID
  lt: ID
  ge: ID
  gt: ID
  contains: ID
  notContains: ID
  between: [ID]
  beginsWith: ID
  in: [ID]
  notIn: [ID]
}

enum ModelAttributeTypes {
  binary
  binarySet
  bool
  list
  map
  number
  numberSet
  string
  stringSet
  _null
}

input ModelSizeInput {
  ne: Int
  eq: Int
  le: Int
  lt: Int
  ge: Int
  gt: Int
  between: [Int]
}

enum ModelSortDirection {
  ASC
  DESC
}

type ModelPostConnection {
  items: [Post]!
  nextToken: String
}

input ModelPostFilterInput {
  id: ModelIDInput
  rating: ModelFloatInput
  score: ModelIntInput
  counts: ModelFloatInput
  numbers: ModelIntInput
  createdAt: ModelStringInput
  updatedAt: ModelStringInput
  and: [ModelPostFilterInput]
  or: [ModelPostFilterInput]
  not: ModelPostFilterInput
}

type Query {
  getPost(id: ID!): Post
  listPosts(filter: ModelPostFilterInput, limit: Int, nextToken: String): ModelPostConnection
}

input ModelPostConditionInput {
  rating: ModelFloatInput
  score: ModelIntInput
  counts: ModelFloatInput
  numbers: ModelIntInput
  and: [ModelPostConditionInput]
  or: [ModelPostConditionInput]
  not: ModelPostConditionInput
  createdAt: ModelStringInput
  updatedAt: ModelStringInput
}

input CreatePostInput {
  id: ID
  rating: Float!
  score: Int!
  counts: [Float]!
  numbers: [Int]!
}

input UpdatePostInput {
  id: ID!
  rating: Float
  score: Int
  counts: [Float]
  numbers: [Int]
}

input DeletePostInput {
  id: ID!
}

type Mutation {
  createPost(input: CreatePostInput!, condition: ModelPostConditionInput): Post
  updatePost(input: UpdatePostInput!, condition: ModelPostConditionInput): Post
  deletePost(input: DeletePostInput!, condition: ModelPostConditionInput): Post
}

input ModelSubscriptionPostFilterInput {
  id: ModelSubscriptionIDInput
  rating: ModelSubscriptionFloatInput
  score: ModelSubscriptionIntInput
  counts: ModelSubscriptionFloatInput
  numbers: ModelSubscriptionIntInput
  createdAt: ModelSubscriptionStringInput
  updatedAt: ModelSubscriptionStringInput
  and: [ModelSubscriptionPostFilterInput]
  or: [ModelSubscriptionPostFilterInput]
}

type Subscription {
  onCreatePost(filter: ModelSubscriptionPostFilterInput): Post @aws_subscribe(mutations: [\\"createPost\\"])
  onUpdatePost(filter: ModelSubscriptionPostFilterInput): Post @aws_subscribe(mutations: [\\"updatePost\\"])
  onDeletePost(filter: ModelSubscriptionPostFilterInput): Post @aws_subscribe(mutations: [\\"deletePost\\"])
}
"
`;

exports[`Numeric Validation Types Valid usage accepts extremely large value beyond 64-bit range 1`] = `
"type Post {
  id: ID!
  rating: Float!
  score: Int!
  counts: [Float]!
  numbers: [Int]!
  createdAt: AWSDateTime!
  updatedAt: AWSDateTime!
}

input ModelStringInput {
  ne: String
  eq: String
  le: String
  lt: String
  ge: String
  gt: String
  contains: String
  notContains: String
  between: [String]
  beginsWith: String
  attributeExists: Boolean
  attributeType: ModelAttributeTypes
  size: ModelSizeInput
}

input ModelIntInput {
  ne: Int
  eq: Int
  le: Int
  lt: Int
  ge: Int
  gt: Int
  between: [Int]
  attributeExists: Boolean
  attributeType: ModelAttributeTypes
}

input ModelFloatInput {
  ne: Float
  eq: Float
  le: Float
  lt: Float
  ge: Float
  gt: Float
  between: [Float]
  attributeExists: Boolean
  attributeType: ModelAttributeTypes
}

input ModelBooleanInput {
  ne: Boolean
  eq: Boolean
  attributeExists: Boolean
  attributeType: ModelAttributeTypes
}

input ModelIDInput {
  ne: ID
  eq: ID
  le: ID
  lt: ID
  ge: ID
  gt: ID
  contains: ID
  notContains: ID
  between: [ID]
  beginsWith: ID
  attributeExists: Boolean
  attributeType: ModelAttributeTypes
  size: ModelSizeInput
}

input ModelSubscriptionStringInput {
  ne: String
  eq: String
  le: String
  lt: String
  ge: String
  gt: String
  contains: String
  notContains: String
  between: [String]
  beginsWith: String
  in: [String]
  notIn: [String]
}

input ModelSubscriptionIntInput {
  ne: Int
  eq: Int
  le: Int
  lt: Int
  ge: Int
  gt: Int
  between: [Int]
  in: [Int]
  notIn: [Int]
}

input ModelSubscriptionFloatInput {
  ne: Float
  eq: Float
  le: Float
  lt: Float
  ge: Float
  gt: Float
  between: [Float]
  in: [Float]
  notIn: [Float]
}

input ModelSubscriptionBooleanInput {
  ne: Boolean
  eq: Boolean
}

input ModelSubscriptionIDInput {
  ne: ID
  eq: ID
  le: ID
  lt: ID
  ge: ID
  gt: ID
  contains: ID
  notContains: ID
  between: [ID]
  beginsWith: ID
  in: [ID]
  notIn: [ID]
}

enum ModelAttributeTypes {
  binary
  binarySet
  bool
  list
  map
  number
  numberSet
  string
  stringSet
  _null
}

input ModelSizeInput {
  ne: Int
  eq: Int
  le: Int
  lt: Int
  ge: Int
  gt: Int
  between: [Int]
}

enum ModelSortDirection {
  ASC
  DESC
}

type ModelPostConnection {
  items: [Post]!
  nextToken: String
}

input ModelPostFilterInput {
  id: ModelIDInput
  rating: ModelFloatInput
  score: ModelIntInput
  counts: ModelFloatInput
  numbers: ModelIntInput
  createdAt: ModelStringInput
  updatedAt: ModelStringInput
  and: [ModelPostFilterInput]
  or: [ModelPostFilterInput]
  not: ModelPostFilterInput
}

type Query {
  getPost(id: ID!): Post
  listPosts(filter: ModelPostFilterInput, limit: Int, nextToken: String): ModelPostConnection
}

input ModelPostConditionInput {
  rating: ModelFloatInput
  score: ModelIntInput
  counts: ModelFloatInput
  numbers: ModelIntInput
  and: [ModelPostConditionInput]
  or: [ModelPostConditionInput]
  not: ModelPostConditionInput
  createdAt: ModelStringInput
  updatedAt: ModelStringInput
}

input CreatePostInput {
  id: ID
  rating: Float!
  score: Int!
  counts: [Float]!
  numbers: [Int]!
}

input UpdatePostInput {
  id: ID!
  rating: Float
  score: Int
  counts: [Float]
  numbers: [Int]
}

input DeletePostInput {
  id: ID!
}

type Mutation {
  createPost(input: CreatePostInput!, condition: ModelPostConditionInput): Post
  updatePost(input: UpdatePostInput!, condition: ModelPostConditionInput): Post
  deletePost(input: DeletePostInput!, condition: ModelPostConditionInput): Post
}

input ModelSubscriptionPostFilterInput {
  id: ModelSubscriptionIDInput
  rating: ModelSubscriptionFloatInput
  score: ModelSubscriptionIntInput
  counts: ModelSubscriptionFloatInput
  numbers: ModelSubscriptionIntInput
  createdAt: ModelSubscriptionStringInput
  updatedAt: ModelSubscriptionStringInput
  and: [ModelSubscriptionPostFilterInput]
  or: [ModelSubscriptionPostFilterInput]
}

type Subscription {
  onCreatePost(filter: ModelSubscriptionPostFilterInput): Post @aws_subscribe(mutations: [\\"createPost\\"])
  onUpdatePost(filter: ModelSubscriptionPostFilterInput): Post @aws_subscribe(mutations: [\\"updatePost\\"])
  onDeletePost(filter: ModelSubscriptionPostFilterInput): Post @aws_subscribe(mutations: [\\"deletePost\\"])
}
"
`;
